2026-07-02 05:10:17,165 - DATABASE - INFO - System DNS is working correctly.
2026-07-02 05:11:20,384 - DATABASE - INFO - System DNS is working correctly.
2026-07-02 05:11:20,388 - BOT - INFO - Connecting to Database...
2026-07-02 05:11:20,389 - DATABASE - INFO - Connecting to MongoDB (Attempt 1/5)...
2026-07-02 05:11:22,787 - DATABASE - INFO - Successfully connected to MongoDB.
2026-07-02 05:11:22,787 - BOT - INFO - Registering handlers...
2026-07-02 05:11:22,789 - BOT - INFO - Starting main bot client...
2026-07-02 05:11:29,992 - BOT - INFO - Starting helper manager (bots & sessions)...
2026-07-02 05:11:30,224 - BOT - INFO - Skipping helper bot 0 as it matches the main bot token.
2026-07-02 05:11:30,456 - BOT - INFO - FAST MEDIA DOWNLOADER BOT IS NOW RUNNING!
2026-07-02 05:14:03,996 - DATABASE - INFO - System DNS is working correctly.
2026-07-02 05:14:04,000 - BOT - ERROR - Another instance of the bot (PID 270278) is already running.
2026-07-02 05:14:04,454 - BOT - INFO - Shutting down...
2026-07-02 05:14:04,455 - BOT - INFO - All auxiliary clients stopped.
2026-07-02 05:14:04,461 - BOT - CRITICAL - Unhandled exception: Task <Task pending name='Task-1' coro=<main() running at /app/bot.py:107> cb=[_run_until_complete_cb() at /home/jules/.pyenv/versions/3.12.13/lib/python3.12/asyncio/base_events.py:181]> got Future <Task pending name='Task-32' coro=<Dispatcher.handler_worker() running at /home/jules/.pyenv/versions/3.12.13/lib/python3.12/site-packages/pyrogram/dispatcher.py:202>> attached to a different loop
2026-07-02 05:14:30,133 - DATABASE - INFO - System DNS is working correctly.
2026-07-02 05:14:30,136 - BOT - INFO - Connecting to Database...
2026-07-02 05:14:30,136 - DATABASE - INFO - Connecting to MongoDB (Attempt 1/5)...
2026-07-02 05:14:32,481 - DATABASE - INFO - Successfully connected to MongoDB.
2026-07-02 05:14:32,481 - BOT - INFO - Registering handlers...
2026-07-02 05:14:32,483 - BOT - INFO - Starting main bot client...
2026-07-02 05:14:34,382 - BOT - INFO - Starting helper manager (bots & sessions)...
2026-07-02 05:14:34,616 - BOT - INFO - Skipping helper bot 0 as it matches the main bot token.
2026-07-02 05:14:34,851 - BOT - INFO - FAST MEDIA DOWNLOADER BOT IS NOW RUNNING!
2026-07-02 11:29:49,129 - DATABASE - INFO - System DNS is working correctly.
2026-07-02 11:29:49,141 - BOT - INFO - Connecting to Database...
2026-07-02 11:29:49,141 - DATABASE - INFO - Connecting to MongoDB (Attempt 1/5)...
2026-07-02 11:29:51,541 - DATABASE - INFO - Successfully connected to MongoDB.
2026-07-02 11:29:51,542 - BOT - INFO - Registering handlers...
2026-07-02 11:29:51,543 - BOT - INFO - Starting main bot client...
2026-07-02 11:29:56,501 - DATABASE - INFO - System DNS is working correctly.
2026-07-02 11:29:56,504 - BOT - ERROR - Another instance of the bot (PID 12816) is already running.
2026-07-02 11:29:59,619 - BOT - INFO - Starting helper manager (bots & sessions)...
2026-07-02 11:30:06,761 - BOT - INFO - Helper bot 0 started.
2026-07-02 11:30:09,963 - DATABASE - INFO - System DNS is working correctly.
2026-07-02 11:30:09,966 - BOT - INFO - Connecting to Database...
2026-07-02 11:30:09,966 - DATABASE - INFO - Connecting to MongoDB (Attempt 1/5)...
2026-07-02 11:30:12,259 - DATABASE - INFO - Successfully connected to MongoDB.
2026-07-02 11:30:12,259 - BOT - INFO - Registering handlers...
2026-07-02 11:30:12,261 - BOT - INFO - Starting main bot client...
2026-07-02 11:30:14,187 - BOT - INFO - Starting helper manager (bots & sessions)...
2026-07-02 11:30:14,422 - BOT - INFO - Skipping helper bot 0 as it matches the main bot token.
2026-07-02 11:30:21,320 - BOT - INFO - Helper bot 1 started.
2026-07-02 11:30:28,180 - BOT - INFO - Helper bot 2 started.
2026-07-02 11:30:35,397 - BOT - INFO - Helper bot 3 started.
2026-07-02 11:30:35,631 - BOT - INFO - FAST MEDIA DOWNLOADER BOT IS NOW RUNNING!
2026-07-02 11:32:20,810 - DATABASE - INFO - System DNS is working correctly.
2026-07-02 11:32:20,818 - BOT - INFO - Connecting to Database...
2026-07-02 11:32:20,818 - DATABASE - INFO - Connecting to MongoDB (Attempt 1/5)...
2026-07-02 11:32:23,214 - DATABASE - INFO - Successfully connected to MongoDB.
2026-07-02 11:32:23,215 - BOT - INFO - Registering handlers...
2026-07-02 11:32:23,216 - BOT - INFO - Starting main bot client...
2026-07-02 11:32:25,246 - BOT - INFO - Starting helper manager (bots & sessions)...
2026-07-02 11:32:32,269 - BOT - INFO - Helper bot 0 started.
2026-07-02 11:32:39,811 - BOT - INFO - Helper bot 1 started.
2026-07-02 11:32:39,811 - BOT - INFO - Skipping helper bot 2 as it matches the main bot token.
2026-07-02 11:32:40,616 - DATABASE - INFO - System DNS is working correctly.
2026-07-02 11:32:40,619 - BOT - INFO - Connecting to Database...
2026-07-02 11:32:40,619 - DATABASE - INFO - Connecting to MongoDB (Attempt 1/5)...
2026-07-02 11:32:42,848 - DATABASE - INFO - Successfully connected to MongoDB.
2026-07-02 11:32:42,848 - BOT - INFO - Registering handlers...
2026-07-02 11:32:42,850 - BOT - INFO - Starting main bot client...
2026-07-02 11:32:43,856 - BOT - ERROR - Error during runtime: database is locked
2026-07-02 11:32:43,856 - BOT - INFO - Shutting down...
2026-07-02 11:32:43,857 - BOT - INFO - All auxiliary clients stopped.
2026-07-02 11:32:46,766 - BOT - INFO - Helper bot 3 started.
2026-07-02 11:32:47,007 - BOT - INFO - FAST MEDIA DOWNLOADER BOT IS NOW RUNNING!
